[1001/134849.950:ERROR:gpu_init.cc(426)] Passthrough is not supported, GL is disabled
[1001/135320.051:WARNING:angle_platform_impl.cc(48)] HLSLCompiler.cpp:257 (compileToBinary): 
C:\fakepath(102,1-6): warning X4000: use of potentially uninitialized variable (dyn_index_vec4_float4)

[1001/135320.218:WARNING:angle_platform_impl.cc(48)] HLSLCompiler.cpp:257 (compileToBinary): 
C:\fakepath(135,1): warning X4000: use of potentially uninitialized variable (f_i)
C:\fakepath(137,1): warning X4000: use of potentially uninitialized variable (f_i)
C:\fakepath(173,1): warning X4000: use of potentially uninitialized variable (f_u)

[1001/135320.430:WARNING:angle_platform_impl.cc(48)] HLSLCompiler.cpp:257 (compileToBinary): 
C:\fakepath(165,1): warning X4000: use of potentially uninitialized variable (f_renderMipMapLevel)

[1001/135320.593:WARNING:angle_platform_impl.cc(48)] HLSLCompiler.cpp:257 (compileToBinary): 
C:\fakepath(381,10-38): warning X4008: floating point division by zero
C:\fakepath(381,10-38): warning X4008: floating point division by zero

[1001/135320.657:ERROR:gl_utils.cc(314)] [.WebGL-00000422882A6E80] GL_INVALID_OPERATION: Two textures of different types use the same sampler location.
[1001/135320.657:ERROR:gl_utils.cc(314)] [.WebGL-00000422882A6E80] GL_INVALID_OPERATION: Two textures of different types use the same sampler location.
[1001/135320.657:ERROR:gl_utils.cc(314)] [.WebGL-00000422882A6E80] GL_INVALID_OPERATION: Two textures of different types use the same sampler location.
[1001/135320.657:ERROR:gl_utils.cc(314)] [.WebGL-00000422882A6E80] GL_INVALID_OPERATION: Two textures of different types use the same sampler location.
[1001/135320.657:ERROR:gl_utils.cc(314)] [.WebGL-00000422882A6E80] GL_INVALID_OPERATION: Two textures of different types use the same sampler location.
[1001/135320.678:ERROR:gl_utils.cc(314)] [.WebGL-00000422882A6E80] GL_INVALID_OPERATION: Two textures of different types use the same sampler location.
[1001/135320.678:ERROR:gl_utils.cc(314)] [.WebGL-00000422882A6E80] GL_INVALID_OPERATION: Two textures of different types use the same sampler location.
[1001/135320.678:ERROR:gl_utils.cc(314)] [.WebGL-00000422882A6E80] GL_INVALID_OPERATION: Two textures of different types use the same sampler location.
[1001/135320.678:ERROR:gl_utils.cc(314)] [.WebGL-00000422882A6E80] GL_INVALID_OPERATION: Two textures of different types use the same sampler location.
[1001/135320.678:ERROR:gl_utils.cc(314)] [.WebGL-00000422882A6E80] GL_INVALID_OPERATION: Two textures of different types use the same sampler location.
[1001/135828.325:WARNING:angle_platform_impl.cc(48)] HLSLCompiler.cpp:257 (compileToBinary): 
C:\fakepath(102,1-6): warning X4000: use of potentially uninitialized variable (dyn_index_vec4_float4)

[1001/135828.442:WARNING:angle_platform_impl.cc(48)] HLSLCompiler.cpp:257 (compileToBinary): 
C:\fakepath(135,1): warning X4000: use of potentially uninitialized variable (f_i)
C:\fakepath(137,1): warning X4000: use of potentially uninitialized variable (f_i)
C:\fakepath(173,1): warning X4000: use of potentially uninitialized variable (f_u)

[1001/135828.875:WARNING:angle_platform_impl.cc(48)] HLSLCompiler.cpp:257 (compileToBinary): 
C:\fakepath(165,1): warning X4000: use of potentially uninitialized variable (f_renderMipMapLevel)

[1001/135829.009:WARNING:angle_platform_impl.cc(48)] HLSLCompiler.cpp:257 (compileToBinary): 
C:\fakepath(381,10-38): warning X4008: floating point division by zero
C:\fakepath(381,10-38): warning X4008: floating point division by zero

